
> temp-vite@0.0.0 build
> tsc -b && vite build

[36mvite v8.0.1 [32mbuilding client environment for production...[36m[39m
[2K
transforming...Γ£ô 2305 modules transformed.
node.exe : [31mΓ£ù[39m Build failed in 
335ms
At line:1 char:1
+ & "C:\Program Files\nodejs/node.exe" 
"C:\Program Files\nodejs/node_mo ...
+ ~~~~~~~~~~~~~~~~~~~~~~~~~~~~~~~~~~~~~~~
~~~~~~~~~~~~~~~~~~~~~~~~~~~~~~
    + CategoryInfo          : NotSpecifi 
   ed: ([31mΓ£ù[39m Build failed in 3  
  35ms:String) [], RemoteException
    + FullyQualifiedErrorId : NativeComm 
   andError
 
[31merror during build:
[31mBuild failed with 1 error:

[plugin vite:css] C:/Users/pimen/Document
s/buldak/src/index.css
Failed to load PostCSS config: Failed to 
load PostCSS config (searchPath: 
C:/Users/pimen/Documents/buldak): 
[ReferenceError] module is not defined 
in ES module scope
This file is being treated as an ES 
module because it has a '.js' file 
extension and 'C:\Users\pimen\Documents\b
uldak\package.json' contains "type": 
"module". To treat it as a CommonJS 
script, rename it to use the '.cjs' file 
extension.
ReferenceError: module is not defined in 
ES module scope
This file is being treated as an ES 
module because it has a '.js' file 
extension and 'C:\Users\pimen\Documents\b
uldak\package.json' contains "type": 
"module". To treat it as a CommonJS 
script, rename it to use the '.cjs' file 
extension.
    at file:///C:/Users/pimen/Documents/b
uldak/postcss.config.js?t=1774204064592:1
:1
    at ModuleJob.run (node:internal/modul
es/esm/module_job:413:25)
    at async 
onImport.tracePromise.__proto__ 
(node:internal/modules/esm/loader:660:26)
    at async req (file:///C:/Users/pimen/
Documents/buldak/node_modules/vite/dist/n
ode/chunks/node.js:19498:12)
    at async Object.search (file:///C:/Us
ers/pimen/Documents/buldak/node_modules/v
ite/dist/node/chunks/node.js:19316:24)[3
1m
    at aggregateBindingErrorsIntoJsError 
(file:///C:/Users/pimen/Documents/buldak/
node_modules/rolldown/dist/shared/error-B
O4SlZV_.mjs:48:18)
    at unwrapBindingResult (file:///C:/Us
ers/pimen/Documents/buldak/node_modules/r
olldown/dist/shared/error-BO4SlZV_.mjs:18
:128)
    at #build (file:///C:/Users/pimen/Doc
uments/buldak/node_modules/rolldown/dist/
shared/rolldown-build-yQC7KN8K.mjs:3311:3
4)
    at async buildEnvironment (file:///C:
/Users/pimen/Documents/buldak/node_module
s/vite/dist/node/chunks/node.js:32817:64)
    at async Object.build (file:///C:/Use
rs/pimen/Documents/buldak/node_modules/vi
te/dist/node/chunks/node.js:33239:19)
    at async Object.buildApp (file:///C:/
Users/pimen/Documents/buldak/node_modules
/vite/dist/node/chunks/node.js:33236:153)
    at async CAC.<anonymous> (file:///C:/
Users/pimen/Documents/buldak/node_modules
/vite/dist/node/cli.js:778:3) {
  errors: [Getter/Setter]
}[39m
